// Jest Snapshot v1, https://goo.gl/fbAQLP

exports[`systemAlerts systemAlertsReducer should handle HIDE_ALERT 1`] = `
Object {
  "alerts": Array [],
}
`;

exports[`systemAlerts systemAlertsReducer should handle SHOW_ALERT 1`] = `
Object {
  "alerts": Array [
    Object {
      "icon": undefined,
      "id": "test",
      "message": "HELLO",
      "position": "bottom-right",
      "timeout": 2,
      "variant": "dark",
    },
  ],
}
`;

exports[`systemAlerts systemAlertsReducer should return the initial state 1`] = `
Object {
  "alerts": Array [],
}
`;
