// Jest Snapshot v1, https://goo.gl/fbAQLP

exports[`store should have a store 1`] = `
Object {
  "_persist": Object {
    "rehydrated": true,
    "version": -1,
  },
  "dataReceiver": Object {
    "points": Object {},
    "status": "idle",
  },
  "systemAlerts": Object {
    "alerts": Array [],
  },
}
`;
